2026-09-17 14:57:49
2026-09-17 14:57:51
2026-09-17 14:57:51
2026-09-17 14:57:52
2026-09-17 14:57:52
2026-09-17 14:57:52
2026-09-17 15:03:02
2026-09-17 15:03:03
2026-09-17 15:03:22
2026-09-17 15:03:22
2026-09-17 15:03:22
2026-09-17 15:03:22
2026-09-17 15:03:23
2026-09-17 15:03:23
2026-09-17 15:03:26
2026-09-17 15:03:27
2026-09-17 15:03:27
2026-09-17 15:03:27
2026-09-17 15:03:27
2026-09-17 15:15:25-UNKNOWN
2026-09-17 15:15:43 - UNKNOWN
2026-09-17 15:16:04 - Yanis Haddou
2026-09-17 15:16:30 - Karar HALI HASSAN
[2026-09-17 15:22:43] - [UNKNOWN]
[2026-09-17 15:23:11] - UNKNOWN
